
> website1@0.1.0 build
> next build

Γû▓ Next.js 16.1.6 (Turbopack)
- Environments: .env.local

  Creating an optimized production build ...
Γ£ô Compiled successfully in 11.8s
  Running TypeScript ...
  Collecting page data using 1 worker ...
  Generating static pages using 1 worker (0/6) ...
  Generating static pages using 1 worker (1/6) 
  Generating static pages using 1 worker (2/6) 
  Generating static pages using 1 worker (4/6) 
Γ£ô Generating static pages using 1 worker (6/6) in 507.0ms
  Finalizing page optimization ...

Route (app)
Γöî Γùï /
Γö£ Γùï /_not-found
Γö£ Γùï /dashboard
Γöö Γùï /login


Γùï  (Static)  prerendered as static content

